Testing with user: testuser_1770596256019@example.com

--- 1. Testing Registration ---
Registration Status: 200
Registration Data: { ok: true, user: { email: 'testuser_1770596256019@example.com' } }

--- 2. Testing Login ---
Login Status: 200
Login Data: { ok: true, user: { email: 'testuser_1770596256019@example.com' } }
Session Cookie received

--- 3. Testing Forgot Password ---
Forgot Password Status: 200
Forgot Password Data: { ok: true, preview: null }
